BL51 BANKED LINKER/LOCATER V6.22                                                        02/25/2026  16:23:27  PAGE 1


BL51 BANKED LINKER/LOCATER V6.22, INVOKED BY:
E:\KEIL5\C51\BIN\BL51.EXE .\Objects\main.obj, .\Objects\delay_function.obj TO .\Objects\project PRINT (.\Listings\projec
>> t.m51) RAMSIZE (256)


MEMORY MODEL: SMALL


INPUT MODULES INCLUDED:
  .\Objects\main.obj (MAIN)
  .\Objects\delay_function.obj (DELAY_FUNCTION)
  E:\KEIL5\C51\LIB\C51S.LIB (?C_STARTUP)
  E:\KEIL5\C51\LIB\C51S.LIB (?C_INIT)


LINK MAP OF MODULE:  .\Objects\project (MAIN)


            TYPE    BASE      LENGTH    RELOCATION   SEGMENT NAME
            -----------------------------------------------------

            * * * * * * *   D A T A   M E M O R Y   * * * * * * *
            REG     0000H     0008H     ABSOLUTE     "REG BANK 0"
            DATA    0008H     0002H     UNIT         ?DT?MAIN
            IDATA   000AH     0001H     UNIT         ?STACK

            * * * * * * *   C O D E   M E M O R Y   * * * * * * *
            CODE    0000H     0003H     ABSOLUTE     
            CODE    0003H     0007H     UNIT         ?C_INITSEG
                    000AH     0001H                  *** GAP ***
            CODE    000BH     0003H     ABSOLUTE     
            CODE    000EH     008CH     UNIT         ?C_C51STARTUP
            CODE    009AH     003EH     UNIT         ?PR?MAIN?MAIN
            CODE    00D8H     0028H     UNIT         ?PR?TIMER0_ISR?MAIN
            CODE    0100H     0014H     UNIT         ?PR?_DELAY?DELAY_FUNCTION
            CODE    0114H     0010H     UNIT         ?PR?TIMER0_INIT?MAIN



OVERLAY MAP OF MODULE:   .\Objects\project (MAIN)


SEGMENT
  +--> CALLED SEGMENT
---------------------
?C_C51STARTUP
  +--> ?PR?MAIN?MAIN
  +--> ?C_INITSEG

?PR?MAIN?MAIN
  +--> ?PR?_DELAY?DELAY_FUNCTION



SYMBOL TABLE OF MODULE:  .\Objects\project (MAIN)

  VALUE           TYPE          NAME
  ----------------------------------
BL51 BANKED LINKER/LOCATER V6.22                                                      02/25/2026  16:23:27  PAGE 2



  -------         MODULE        MAIN
  C:0000H         SYMBOL        _ICE_DUMMY_
  D:0009H         PUBLIC        pwm_duty
  D:00A0H         PUBLIC        P2
  D:00B0H         PUBLIC        P3
  C:00D8H         PUBLIC        Timer0_ISR
  B:00A8H.7       PUBLIC        EA
  B:00B0H.0       PUBLIC        UP_BU
  B:00B0H.1       PUBLIC        ST_BU
  C:009AH         PUBLIC        main
  C:0114H         PUBLIC        Timer0_Init
  B:00B0H.2       PUBLIC        DOWN_BU
  D:0089H         PUBLIC        TMOD
  B:00A8H.1       PUBLIC        ET0
  D:008CH         PUBLIC        TH0
  D:008AH         PUBLIC        TL0
  B:0088H.4       PUBLIC        TR0
  B:00A0H.5       PUBLIC        BUZZER
  -------         PROC          TIMER0_INIT
  C:0114H         LINE#         13
  C:0114H         LINE#         14
  C:0114H         LINE#         15
  C:0117H         LINE#         16
  C:011AH         LINE#         17
  C:011DH         LINE#         18
  C:011FH         LINE#         19
  C:0121H         LINE#         20
  C:0123H         LINE#         21
  -------         ENDPROC       TIMER0_INIT
  -------         PROC          TIMER0_ISR
  -------         DO            
  D:0008H         SYMBOL        cnt
  -------         ENDDO         
  C:00D8H         LINE#         22
  C:00DCH         LINE#         25
  C:00DFH         LINE#         26
  C:00E2H         LINE#         28
  C:00E4H         LINE#         29
  C:00EEH         LINE#         31
  C:00F5H         LINE#         32
  C:00F9H         LINE#         34
  C:00FBH         LINE#         35
  -------         ENDPROC       TIMER0_ISR
  -------         PROC          MAIN
  C:009AH         LINE#         36
  C:009AH         LINE#         38
  C:009CH         LINE#         39
  C:009CH         LINE#         41
  C:009FH         LINE#         42
  C:009FH         LINE#         44
  C:00A6H         LINE#         46
  C:00A8H         LINE#         47
  C:00A8H         LINE#         48
  C:00ABH         LINE#         49
  C:00ABH         LINE#         50
  C:00B2H         LINE#         51
BL51 BANKED LINKER/LOCATER V6.22                                                      02/25/2026  16:23:27  PAGE 3


  C:00BFH         LINE#         53
  C:00BFH         LINE#         54
  C:00C2H         LINE#         55
  C:00C2H         LINE#         56
  C:00C9H         LINE#         57
  C:00D6H         LINE#         58
  C:00D6H         LINE#         59
  -------         ENDPROC       MAIN
  -------         ENDMOD        MAIN

  -------         MODULE        DELAY_FUNCTION
  C:0000H         SYMBOL        _ICE_DUMMY_
  C:0100H         PUBLIC        _delay
  -------         PROC          _DELAY
  D:0006H         SYMBOL        xms
  -------         DO            
  D:0005H         SYMBOL        i
  D:0004H         SYMBOL        j
  -------         ENDDO         
  C:0100H         LINE#         1
  C:0100H         LINE#         2
  C:0100H         LINE#         4
  C:0104H         LINE#         5
  C:0104H         LINE#         6
  C:0106H         LINE#         7
  C:0108H         LINE#         9
  C:0108H         LINE#         10
  C:010AH         LINE#         11
  C:010CH         LINE#         12
  C:0111H         LINE#         13
  C:0113H         LINE#         14
  -------         ENDPROC       _DELAY
  -------         ENDMOD        DELAY_FUNCTION

*** WARNING L16: UNCALLED SEGMENT, IGNORED FOR OVERLAY PROCESS
    SEGMENT: ?PR?TIMER0_INIT?MAIN

Program Size: data=11.0 xdata=0 code=291
LINK/LOCATE RUN COMPLETE.  1 WARNING(S),  0 ERROR(S)
