C51 COMPILER V9.54   MAIN                                                                  09/07/2025 16:17:29 PAGE 1   


C51 COMPILER V9.54, COMPILATION OF MODULE MAIN
OBJECT MODULE PLACED IN .\Objects\main.obj
COMPILER INVOKED BY: E:\keil5\C51\BIN\C51.EXE main.c OPTIMIZE(8,SPEED) BROWSE DEBUG OBJECTEXTEND PRINT(.\Listings\main.l
                    -st) TABS(2) OBJECT(.\Objects\main.obj)

line level    source

   1          #include <REGX52.H>
   2          
   3          unsigned char NumTable1[]={0x3f,0x06,0x5b,0x4f,0x66,0x6D,0x7d,0x07,0x7f,0x6f};  //Number 0~9 数组
   4          
   5          unsigned char CharTable[]={0x77,0x7c,0x39,0x5e,0x79,0x71,0x00};   //字母驱动数组，分别为A，B，C，D，E，F，[
             -空]
   6          
   7          void ShuMaGuan(unsigned char Location, unsigned int Num)
   8            {
   9   1          //多分支判断
  10   1          switch(Location)
  11   1          {
  12   2            case 1:P2_4=1;P2_3=1;P2_2=1;break;
  13   2            case 2:P2_4=1;P2_3=1;P2_2=0;break;
  14   2            case 3:P2_4=1;P2_3=0;P2_2=1;break;
  15   2            case 4:P2_4=1;P2_3=0;P2_2=0;break;
  16   2            case 5:P2_4=0;P2_3=1;P2_2=1;break;
  17   2            case 6:P2_4=0;P2_3=1;P2_2=0;break;
  18   2            case 7:P2_4=0;P2_3=0;P2_2=1;break;
  19   2            case 8:P2_4=0;P2_3=0;P2_2=0;break;
  20   2          }
  21   1          switch(Num)
  22   1          {
  23   2            case 0:P0=~0xC0;break;
  24   2            case 1:P0=~0xCF;break;
  25   2            case 2:P0=0x5B;break;
  26   2            case 3:P0=~0xB0;break;
  27   2            case 4:P0=~0x99;break;
  28   2            case 5:P0=0x6D;break;
  29   2            case 6:P0=~0x82;break;
  30   2            case 7:P0=~0xF8;break;
  31   2            case 8:P0=~0x80;break;    
  32   2            case 9:P0=~0x90;break;
  33   2          }
  34   1        }
  35            
  36            void delay(unsigned int xms)  //@12.000MHz
  37          {
  38   1        unsigned char i, j;
  39   1        while(xms)
  40   1        {
  41   2          i = 2;
  42   2          j = 239;
  43   2          do
  44   2          {
  45   3            while (--j);
  46   3          } while (--i);
  47   2          xms--;
  48   2        }
  49   1      }
  50            
  51          /*void main()
  52          {
  53          
C51 COMPILER V9.54   MAIN                                                                  09/07/2025 16:17:29 PAGE 2   

  54            while(1)
  55            {
  56              unsigned int a,b; //i是数码管位置，j是所显示的数字
  57              for(a=1;a<=8;a++)
  58              {
  59                for(b=0;b<=9;b++)
  60                {
  61                  ShuMaGuan(a,b);
  62                  delay(3000);
  63                  
  64                }
  65              }
  66              ShuMaGuan(0,0);
  67              delay(5000);
  68            }
  69          }
  70          */


MODULE INFORMATION:   STATIC OVERLAYABLE
   CODE SIZE        =    197    ----
   CONSTANT SIZE    =   ----    ----
   XDATA SIZE       =   ----    ----
   PDATA SIZE       =   ----    ----
   DATA SIZE        =     17    ----
   IDATA SIZE       =   ----    ----
   BIT SIZE         =   ----    ----
END OF MODULE INFORMATION.


C51 COMPILATION COMPLETE.  0 WARNING(S),  0 ERROR(S)
