BL51 BANKED LINKER/LOCATER V6.22                                                        12/13/2025  21:44:01  PAGE 1


BL51 BANKED LINKER/LOCATER V6.22, INVOKED BY:
E:\KEIL5\C51\BIN\BL51.EXE .\Objects\main.obj, .\Objects\delay_function.obj, .\Objects\LCD1602.obj, .\Objects\MartrixKey.
>> obj TO .\Objects\project PRINT (.\Listings\project.m51) RAMSIZE (256) DISABLEWARNING (16)


MEMORY MODEL: SMALL


INPUT MODULES INCLUDED:
  .\Objects\main.obj (MAIN)
  .\Objects\delay_function.obj (DELAY_FUNCTION)
  .\Objects\LCD1602.obj (LCD1602)
  .\Objects\MartrixKey.obj (MARTRIXKEY)
  E:\KEIL5\C51\LIB\C51S.LIB (?C_STARTUP)
  E:\KEIL5\C51\LIB\C51S.LIB (?C?CLDOPTR)
  E:\KEIL5\C51\LIB\C51S.LIB (?C?IMUL)
  E:\KEIL5\C51\LIB\C51S.LIB (?C?UIDIV)


LINK MAP OF MODULE:  .\Objects\project (MAIN)


            TYPE    BASE      LENGTH    RELOCATION   SEGMENT NAME
            -----------------------------------------------------

            * * * * * * *   D A T A   M E M O R Y   * * * * * * *
            REG     0000H     0008H     ABSOLUTE     "REG BANK 0"
            DATA    0008H     0022H     UNIT         _DATA_GROUP_
            DATA    002AH     0007H     UNIT         ?DT?_LCD_SHOWSIGNEDNUM?LCD1602
            DATA    0031H     0005H     UNIT         ?DT?_LCD_SHOWHEXNUM?LCD1602
            DATA    0036H     0005H     UNIT         ?DT?_LCD_SHOWBINNUM?LCD1602
            IDATA   003BH     0001H     UNIT         ?STACK

            * * * * * * *   C O D E   M E M O R Y   * * * * * * *
            CODE    0000H     0003H     ABSOLUTE     
            CODE    0003H     02B0H     UNIT         ?PR?MAIN?MAIN
            CODE    02B3H     01E8H     UNIT         ?PR?MARTRIXKEY?MARTRIXKEY
            CODE    049BH     00D2H     UNIT         ?CO?MAIN
            CODE    056DH     0094H     UNIT         ?C?LIB_CODE
            CODE    0601H     003AH     UNIT         ?PR?_LCD_SHOWSIGNEDNUM?LCD1602
            CODE    063BH     0039H     UNIT         ?PR?_LCD_SHOWHEXNUM?LCD1602
            CODE    0674H     0038H     UNIT         ?PR?_LCD_SHOWBINNUM?LCD1602
            CODE    06ACH     0033H     UNIT         ?PR?_LCD_POW?LCD1602
            CODE    06DFH     0023H     UNIT         ?PR?_LCD_SHOWSTRING?LCD1602
            CODE    0702H     001EH     UNIT         ?PR?_LCD_WRITEDATA?LCD1602
            CODE    0720H     001DH     UNIT         ?PR?_LCD_SHOWNUM?LCD1602
            CODE    073DH     0016H     UNIT         ?PR?_LCD_SETCURSOR?LCD1602
            CODE    0753H     0014H     UNIT         ?PR?_DELAY?DELAY_FUNCTION
            CODE    0767H     0014H     UNIT         ?PR?LCD_INIT?LCD1602
            CODE    077BH     000FH     UNIT         ?PR?LCD_DELAY?LCD1602
            CODE    078AH     000CH     UNIT         ?C_C51STARTUP
            CODE    0796H     000AH     UNIT         ?PR?_LCD_WRITECOMMAND?LCD1602
            CODE    07A0H     000AH     UNIT         ?PR?_LCD_SHOWCHAR?LCD1602



OVERLAY MAP OF MODULE:   .\Objects\project (MAIN)

BL51 BANKED LINKER/LOCATER V6.22                                                      12/13/2025  21:44:01  PAGE 2



SEGMENT                                  DATA_GROUP 
  +--> CALLED SEGMENT                  START    LENGTH
------------------------------------------------------
?C_C51STARTUP                          -----    -----
  +--> ?PR?MAIN?MAIN

?PR?MAIN?MAIN                          0008H    0019H
  +--> ?PR?LCD_INIT?LCD1602
  +--> ?CO?MAIN
  +--> ?PR?_LCD_SHOWSTRING?LCD1602
  +--> ?PR?_DELAY?DELAY_FUNCTION
  +--> ?PR?MARTRIXKEY?MARTRIXKEY
  +--> ?PR?_LCD_SHOWNUM?LCD1602

?PR?LCD_INIT?LCD1602                   -----    -----
  +--> ?PR?_LCD_WRITECOMMAND?LCD1602

?PR?_LCD_WRITECOMMAND?LCD1602          -----    -----
  +--> ?PR?LCD_DELAY?LCD1602

?PR?_LCD_SHOWSTRING?LCD1602            0021H    0003H
  +--> ?PR?_LCD_SETCURSOR?LCD1602
  +--> ?PR?_LCD_WRITEDATA?LCD1602

?PR?_LCD_SETCURSOR?LCD1602             -----    -----
  +--> ?PR?_LCD_WRITECOMMAND?LCD1602

?PR?_LCD_WRITEDATA?LCD1602             -----    -----
  +--> ?PR?LCD_DELAY?LCD1602

?PR?MARTRIXKEY?MARTRIXKEY              0021H    0004H
  +--> ?PR?_DELAY?DELAY_FUNCTION

?PR?_LCD_SHOWNUM?LCD1602               0021H    0005H
  +--> ?PR?_LCD_SETCURSOR?LCD1602
  +--> ?PR?_LCD_POW?LCD1602
  +--> ?PR?_LCD_WRITEDATA?LCD1602

?PR?_LCD_POW?LCD1602                   0026H    0004H



SYMBOL TABLE OF MODULE:  .\Objects\project (MAIN)

  VALUE           TYPE          NAME
  ----------------------------------

  -------         MODULE        MAIN
  C:0000H         SYMBOL        _ICE_DUMMY_
  C:0003H         PUBLIC        main
  -------         PROC          MAIN
  -------         DO            
  D:0008H         SYMBOL        KeyNum
  D:0009H         SYMBOL        NumLockarr
  D:0012H         SYMBOL        NumKeyarr
  D:001BH         SYMBOL        i
BL51 BANKED LINKER/LOCATER V6.22                                                      12/13/2025  21:44:01  PAGE 3


  D:001DH         SYMBOL        j
  D:0006H         SYMBOL        k
  C:02B3H         SYMBOL        reset_password
  -------         DO            
  D:001FH         SYMBOL        unlock
  -------         ENDDO         
  -------         ENDDO         
  C:0003H         LINE#         6
  C:0003H         LINE#         7
  C:0003H         LINE#         14
  C:0006H         LINE#         15
  C:0013H         LINE#         16
  C:0020H         LINE#         17
  C:0027H         LINE#         19
  C:002AH         LINE#         20
  C:0037H         LINE#         21
  C:003DH         LINE#         22
  C:0040H         LINE#         24
  C:0040H         LINE#         25
  C:0040H         LINE#         27
  C:0045H         LINE#         28
  C:0048H         LINE#         29
  C:0055H         LINE#         30
  C:005CH         LINE#         33
  C:005EH         LINE#         34
  C:005EH         LINE#         35
  C:0067H         LINE#         36
  C:006BH         LINE#         38
  C:006EH         LINE#         39
  C:007BH         LINE#         40
  C:007EH         LINE#         41
  C:008BH         LINE#         43
  C:0090H         LINE#         44
  C:0090H         LINE#         45
  C:0090H         LINE#         46
  C:0090H         LINE#         47
  C:0095H         LINE#         50
  C:0099H         LINE#         51
  C:0099H         LINE#         52
  C:009DH         LINE#         53
  C:009DH         LINE#         54
  C:00A3H         LINE#         55
  C:00A3H         LINE#         56
  C:00A5H         LINE#         57
  C:00A7H         LINE#         58
  C:00A7H         LINE#         60
  C:00A7H         LINE#         62
  C:00B4H         LINE#         64
  C:00C1H         LINE#         65
  C:00C1H         LINE#         66
  C:00C8H         LINE#         67
  C:00C8H         LINE#         68
  C:00D0H         LINE#         69
  C:00D8H         LINE#         70
  C:00DBH         LINE#         71
  C:00DDH         LINE#         72
  C:00DDH         LINE#         73
BL51 BANKED LINKER/LOCATER V6.22                                                      12/13/2025  21:44:01  PAGE 4


  C:00DDH         LINE#         75
  C:00E4H         LINE#         76
  C:00E4H         LINE#         77
  C:00EBH         LINE#         78
  C:00EBH         LINE#         79
  C:00EBH         LINE#         80
  C:00EBH         LINE#         81
  C:00EBH         LINE#         83
  C:00F8H         LINE#         84
  C:00F8H         LINE#         86
  C:0109H         LINE#         87
  C:0109H         LINE#         90
  C:010CH         LINE#         93
  C:0114H         LINE#         94
  C:0114H         LINE#         95
  C:0117H         LINE#         96
  C:0124H         LINE#         97
  C:012BH         LINE#         98
  C:012DH         LINE#         99
  C:012DH         LINE#         100
  C:0143H         LINE#         103
  C:0146H         LINE#         104
  C:0153H         LINE#         105
  C:0160H         LINE#         107
  C:0160H         LINE#         108
  C:0160H         LINE#         109
  C:0165H         LINE#         112
  C:0169H         LINE#         113
  C:0169H         LINE#         114
  C:016CH         LINE#         115
  C:016CH         LINE#         116
  C:016FH         LINE#         117
  C:017CH         LINE#         118
  C:0183H         LINE#         119
  C:0183H         LINE#         120
  C:0186H         LINE#         121
  C:0186H         LINE#         122
  C:018FH         LINE#         123
  C:018FH         LINE#         124
  C:018FH         LINE#         125
  C:018FH         LINE#         126
  C:0194H         LINE#         129
  C:0198H         LINE#         130
  C:0198H         LINE#         131
  C:019FH         LINE#         132
  C:01ADH         LINE#         134
  C:01B0H         LINE#         135
  C:01B3H         LINE#         138
  C:01C0H         LINE#         139
  C:01CDH         LINE#         142
  C:01D2H         LINE#         143
  C:01D2H         LINE#         144
  C:01D2H         LINE#         145
  C:01D2H         LINE#         146
  C:01D7H         LINE#         148
  C:01DBH         LINE#         149
  C:01DBH         LINE#         150
BL51 BANKED LINKER/LOCATER V6.22                                                      12/13/2025  21:44:01  PAGE 5


  C:01E0H         LINE#         151
  C:01E0H         LINE#         152
  C:01E8H         LINE#         153
  C:01EBH         LINE#         154
  C:01FAH         LINE#         155
  C:01FAH         LINE#         156
  C:01FAH         LINE#         157
  C:01FAH         LINE#         158
  C:01FAH         LINE#         159
  C:020DH         LINE#         162
  C:0213H         LINE#         163
  C:0218H         LINE#         164
  C:0218H         LINE#         165
  C:0228H         LINE#         166
  C:0228H         LINE#         167
  C:022DH         LINE#         168
  C:022FH         LINE#         169
  C:022FH         LINE#         170
  C:023DH         LINE#         172
  C:0245H         LINE#         173
  C:0245H         LINE#         174
  C:0248H         LINE#         175
  C:0255H         LINE#         176
  C:0262H         LINE#         177
  C:0269H         LINE#         178
  C:026CH         LINE#         179
  C:026CH         LINE#         181
  C:026CH         LINE#         182
  C:026FH         LINE#         183
  C:027CH         LINE#         184
  C:0283H         LINE#         185
  C:0283H         LINE#         188
  C:0286H         LINE#         189
  C:0293H         LINE#         191
  C:0293H         LINE#         192
  C:0293H         LINE#         193
  C:0298H         LINE#         195
  C:029CH         LINE#         196
  C:029CH         LINE#         197
  C:029FH         LINE#         198
  C:029FH         LINE#         199
  C:02A2H         LINE#         200
  C:02A2H         LINE#         201
  C:02A7H         LINE#         202
  C:02A7H         LINE#         204
  C:02AAH         LINE#         205
  C:02ADH         LINE#         206
  C:02ADH         LINE#         207
  C:02ADH         LINE#         208
  C:02ADH         LINE#         209
  C:02ADH         LINE#         210
  C:02ADH         LINE#         211
  C:02ADH         LINE#         212
  C:02B0H         LINE#         213
  C:02B0H         LINE#         214
  -------         ENDPROC       MAIN
  -------         ENDMOD        MAIN
BL51 BANKED LINKER/LOCATER V6.22                                                      12/13/2025  21:44:01  PAGE 6



  -------         MODULE        DELAY_FUNCTION
  C:0000H         SYMBOL        _ICE_DUMMY_
  C:0753H         PUBLIC        _Delay
  -------         PROC          _DELAY
  D:0006H         SYMBOL        xms
  -------         DO            
  D:0005H         SYMBOL        i
  D:0004H         SYMBOL        j
  -------         ENDDO         
  C:0753H         LINE#         1
  C:0753H         LINE#         2
  C:0753H         LINE#         4
  C:0757H         LINE#         5
  C:0757H         LINE#         6
  C:0759H         LINE#         7
  C:075BH         LINE#         9
  C:075BH         LINE#         10
  C:075DH         LINE#         11
  C:075FH         LINE#         12
  C:0764H         LINE#         13
  C:0766H         LINE#         14
  -------         ENDPROC       _DELAY
  -------         ENDMOD        DELAY_FUNCTION

  -------         MODULE        LCD1602
  C:0000H         SYMBOL        _ICE_DUMMY_
  D:0080H         PUBLIC        P0
  D:00A0H         PUBLIC        P2
  C:0796H         PUBLIC        _LCD_WriteCommand
  C:0720H         PUBLIC        _LCD_ShowNum
  C:0674H         PUBLIC        _LCD_ShowBinNum
  C:0781H         PUBLIC        LCD_Delay
  C:063BH         PUBLIC        _LCD_ShowHexNum
  C:0716H         PUBLIC        _LCD_WriteData
  B:00A0H.7       PUBLIC        LCD_EN
  C:0767H         PUBLIC        LCD_Init
  C:06DFH         PUBLIC        _LCD_ShowString
  C:07A0H         PUBLIC        _LCD_ShowChar
  B:00A0H.6       PUBLIC        LCD_RS
  B:00A0H.5       PUBLIC        LCD_RW
  C:073DH         PUBLIC        _LCD_SetCursor
  C:0601H         PUBLIC        _LCD_ShowSignedNum
  C:06B8H         PUBLIC        _LCD_Pow
  -------         PROC          L?0048
  -------         ENDPROC       L?0048
  -------         PROC          LCD_DELAY
  -------         DO            
  D:0007H         SYMBOL        i
  D:0006H         SYMBOL        j
  -------         ENDDO         
  C:0781H         LINE#         15
  C:0781H         LINE#         16
  C:0781H         LINE#         19
  C:0783H         LINE#         20
  C:0785H         LINE#         22
  C:0785H         LINE#         23
BL51 BANKED LINKER/LOCATER V6.22                                                      12/13/2025  21:44:01  PAGE 7


  C:0787H         LINE#         24
  C:0789H         LINE#         25
  -------         ENDPROC       LCD_DELAY
  -------         PROC          _LCD_WRITECOMMAND
  D:0007H         SYMBOL        Command
  C:0796H         LINE#         32
  C:0796H         LINE#         33
  C:0796H         LINE#         34
  C:0798H         LINE#         35
  C:0798H         LINE#         36
  C:0798H         LINE#         37
  C:0798H         LINE#         38
  C:079BH         LINE#         39
  C:079DH         LINE#         40
  -------         ENDPROC       _LCD_WRITECOMMAND
  -------         PROC          L?0047
  -------         ENDPROC       L?0047
  -------         PROC          _LCD_WRITEDATA
  D:0007H         SYMBOL        Data
  C:0716H         LINE#         48
  C:0716H         LINE#         49
  C:0716H         LINE#         50
  C:0718H         LINE#         51
  C:0718H         LINE#         52
  C:0718H         LINE#         53
  C:0718H         LINE#         54
  C:071BH         LINE#         55
  C:071DH         LINE#         56
  -------         ENDPROC       _LCD_WRITEDATA
  -------         PROC          _LCD_SETCURSOR
  D:0006H         SYMBOL        Line
  D:0005H         SYMBOL        Column
  C:073DH         LINE#         65
  C:073FH         LINE#         66
  C:073FH         LINE#         67
  C:0742H         LINE#         68
  C:0742H         LINE#         69
  C:0744H         LINE#         70
  C:0746H         LINE#         71
  C:0749H         LINE#         72
  C:0749H         LINE#         73
  C:0752H         LINE#         74
  C:0752H         LINE#         75
  -------         ENDPROC       _LCD_SETCURSOR
  -------         PROC          LCD_INIT
  C:0767H         LINE#         82
  C:0767H         LINE#         83
  C:0767H         LINE#         84
  C:076CH         LINE#         85
  C:0771H         LINE#         86
  C:0776H         LINE#         87
  -------         ENDPROC       LCD_INIT
  -------         PROC          _LCD_SHOWCHAR
  D:0006H         SYMBOL        Line
  D:0005H         SYMBOL        Column
  D:0004H         SYMBOL        Char
  C:07A0H         LINE#         97
BL51 BANKED LINKER/LOCATER V6.22                                                      12/13/2025  21:44:01  PAGE 8


  C:07A2H         LINE#         98
  C:07A2H         LINE#         99
  C:07A5H         LINE#         100
  -------         ENDPROC       _LCD_SHOWCHAR
  -------         PROC          _LCD_SHOWSTRING
  D:0007H         SYMBOL        Line
  D:0005H         SYMBOL        Column
  D:0021H         SYMBOL        String
  -------         DO            
  D:0005H         SYMBOL        i
  -------         ENDDO         
  C:06DFH         LINE#         110
  C:06E5H         LINE#         111
  C:06E5H         LINE#         113
  C:06E8H         LINE#         114
  C:06FBH         LINE#         115
  C:06FBH         LINE#         116
  C:06FEH         LINE#         117
  C:0701H         LINE#         118
  -------         ENDPROC       _LCD_SHOWSTRING
  C:06AEH         SYMBOL        L?0046
  -------         PROC          L?0045
  -------         ENDPROC       L?0045
  C:06AEH         SYMBOL        L?0046
  -------         PROC          _LCD_POW
  D:0026H         SYMBOL        X
  D:0028H         SYMBOL        Y
  -------         DO            
  D:0003H         SYMBOL        i
  D:0006H         SYMBOL        Result
  -------         ENDDO         
  C:06B8H         LINE#         123
  C:06C0H         LINE#         124
  C:06C0H         LINE#         126
  C:06C4H         LINE#         127
  C:06D4H         LINE#         128
  C:06D4H         LINE#         129
  C:06DBH         LINE#         130
  C:06DEH         LINE#         131
  C:06DEH         LINE#         132
  -------         ENDPROC       _LCD_POW
  -------         PROC          _LCD_SHOWNUM
  D:0007H         SYMBOL        Line
  D:0005H         SYMBOL        Column
  D:0023H         SYMBOL        Number
  D:0025H         SYMBOL        Length
  -------         DO            
  D:0002H         SYMBOL        i
  -------         ENDDO         
  C:0720H         LINE#         142
  C:0724H         LINE#         143
  C:0724H         LINE#         145
  C:0727H         LINE#         146
  C:072FH         LINE#         147
  C:072FH         LINE#         148
  C:0739H         LINE#         149
  C:073CH         LINE#         150
BL51 BANKED LINKER/LOCATER V6.22                                                      12/13/2025  21:44:01  PAGE 9


  -------         ENDPROC       _LCD_SHOWNUM
  -------         PROC          _LCD_SHOWSIGNEDNUM
  D:0007H         SYMBOL        Line
  D:0005H         SYMBOL        Column
  D:0002H         SYMBOL        Number
  D:002EH         SYMBOL        Length
  -------         DO            
  D:0002H         SYMBOL        i
  D:002FH         SYMBOL        Number1
  -------         ENDDO         
  C:0601H         LINE#         160
  C:0601H         LINE#         161
  C:0601H         LINE#         164
  C:0604H         LINE#         165
  C:060CH         LINE#         166
  C:060CH         LINE#         167
  C:0611H         LINE#         168
  C:0615H         LINE#         169
  C:0617H         LINE#         171
  C:0617H         LINE#         172
  C:061CH         LINE#         173
  C:0625H         LINE#         174
  C:0625H         LINE#         175
  C:062DH         LINE#         176
  C:062DH         LINE#         177
  C:0637H         LINE#         178
  C:063AH         LINE#         179
  -------         ENDPROC       _LCD_SHOWSIGNEDNUM
  -------         PROC          _LCD_SHOWHEXNUM
  D:0007H         SYMBOL        Line
  D:0005H         SYMBOL        Column
  D:0033H         SYMBOL        Number
  D:0035H         SYMBOL        Length
  -------         DO            
  D:0002H         SYMBOL        i
  D:0006H         SYMBOL        SingleNumber
  -------         ENDDO         
  C:063BH         LINE#         189
  C:063FH         LINE#         190
  C:063FH         LINE#         192
  C:0642H         LINE#         193
  C:064AH         LINE#         194
  C:064AH         LINE#         195
  C:0660H         LINE#         196
  C:0666H         LINE#         197
  C:0666H         LINE#         198
  C:0668H         LINE#         199
  C:066AH         LINE#         201
  C:066AH         LINE#         202
  C:0670H         LINE#         203
  C:0670H         LINE#         204
  C:0673H         LINE#         205
  -------         ENDPROC       _LCD_SHOWHEXNUM
  -------         PROC          _LCD_SHOWBINNUM
  D:0007H         SYMBOL        Line
  D:0005H         SYMBOL        Column
  D:0038H         SYMBOL        Number
BL51 BANKED LINKER/LOCATER V6.22                                                      12/13/2025  21:44:01  PAGE 10


  D:003AH         SYMBOL        Length
  -------         DO            
  D:0002H         SYMBOL        i
  -------         ENDDO         
  C:0674H         LINE#         215
  C:0678H         LINE#         216
  C:0678H         LINE#         218
  C:067BH         LINE#         219
  C:0683H         LINE#         220
  C:0683H         LINE#         221
  C:06A8H         LINE#         222
  C:06ABH         LINE#         223
  -------         ENDPROC       _LCD_SHOWBINNUM
  -------         ENDMOD        LCD1602

  -------         MODULE        MARTRIXKEY
  C:0000H         SYMBOL        _ICE_DUMMY_
  D:0090H         PUBLIC        P1
  B:0090H.0       PUBLIC        P1_0
  B:0090H.1       PUBLIC        P1_1
  B:0090H.2       PUBLIC        P1_2
  B:0090H.3       PUBLIC        P1_3
  B:0090H.4       PUBLIC        P1_4
  B:0090H.5       PUBLIC        P1_5
  C:02B3H         PUBLIC        MartrixKey
  B:0090H.6       PUBLIC        P1_6
  B:0090H.7       PUBLIC        P1_7
  -------         PROC          MARTRIXKEY
  -------         DO            
  D:0021H         SYMBOL        KeyNum
  D:0022H         SYMBOL        i
  D:0023H         SYMBOL        j
  D:0024H         SYMBOL        q
  -------         ENDDO         
  C:02B3H         LINE#         5
  C:02B3H         LINE#         6
  C:02B3H         LINE#         7
  C:02B6H         LINE#         11
  C:02B8H         LINE#         12
  C:02B8H         LINE#         14
  C:02BBH         LINE#         17
  C:02CAH         LINE#         18
  C:02CAH         LINE#         19
  C:02CEH         LINE#         20
  C:02D2H         LINE#         21
  C:02D6H         LINE#         22
  C:02D8H         LINE#         23
  C:02D8H         LINE#         26
  C:02F0H         LINE#         27
  C:02F0H         LINE#         28
  C:02F0H         LINE#         29
  C:0300H         LINE#         30
  C:0300H         LINE#         31
  C:030AH         LINE#         32
  C:0314H         LINE#         33
  C:031FH         LINE#         35
  C:0323H         LINE#         36
BL51 BANKED LINKER/LOCATER V6.22                                                      12/13/2025  21:44:01  PAGE 11


  C:0323H         LINE#         37
  C:032AH         LINE#         39
  C:0334H         LINE#         40
  C:033EH         LINE#         41
  C:0346H         LINE#         42
  C:0346H         LINE#         43
  C:0349H         LINE#         44
  C:0349H         LINE#         45
  C:034FH         LINE#         46
  C:034FH         LINE#         48
  C:034FH         LINE#         49
  C:035CH         LINE#         50
  C:035CH         LINE#         51
  C:0366H         LINE#         52
  C:0370H         LINE#         53
  C:037BH         LINE#         55
  C:037FH         LINE#         56
  C:037FH         LINE#         57
  C:0386H         LINE#         58
  C:0390H         LINE#         59
  C:039AH         LINE#         60
  C:03A2H         LINE#         61
  C:03A2H         LINE#         62
  C:03A5H         LINE#         63
  C:03A5H         LINE#         64
  C:03ABH         LINE#         67
  C:03B1H         LINE#         68
  C:03B1H         LINE#         69
  C:03B8H         LINE#         70
  C:03BBH         LINE#         71
  C:03C2H         LINE#         72
  C:03C5H         LINE#         73
  C:03C5H         LINE#         74
  C:03C5H         LINE#         76
  C:03C5H         LINE#         77
  C:03D5H         LINE#         78
  C:03D5H         LINE#         79
  C:03DFH         LINE#         80
  C:03E9H         LINE#         81
  C:03F4H         LINE#         83
  C:03F8H         LINE#         84
  C:03F8H         LINE#         85
  C:03FFH         LINE#         86
  C:0409H         LINE#         87
  C:0413H         LINE#         88
  C:041BH         LINE#         89
  C:041BH         LINE#         90
  C:041DH         LINE#         91
  C:041DH         LINE#         92
  C:0423H         LINE#         93
  C:0423H         LINE#         95
  C:0423H         LINE#         97
  C:0426H         LINE#         98
  C:0426H         LINE#         99
  C:042DH         LINE#         100
  C:0430H         LINE#         101
  C:0437H         LINE#         102
BL51 BANKED LINKER/LOCATER V6.22                                                      12/13/2025  21:44:01  PAGE 12


  C:043AH         LINE#         103
  C:043DH         LINE#         104
  C:043DH         LINE#         107
  C:044AH         LINE#         108
  C:044AH         LINE#         109
  C:0454H         LINE#         110
  C:045FH         LINE#         112
  C:0463H         LINE#         113
  C:0463H         LINE#         114
  C:046AH         LINE#         115
  C:0474H         LINE#         116
  C:047CH         LINE#         117
  C:0483H         LINE#         118
  C:0486H         LINE#         119
  C:0486H         LINE#         120
  C:048CH         LINE#         121
  C:048CH         LINE#         122
  C:048CH         LINE#         123
  C:0498H         LINE#         125
  C:049AH         LINE#         126
  -------         ENDPROC       MARTRIXKEY
  -------         ENDMOD        MARTRIXKEY

  -------         MODULE        ?C?CLDOPTR
  C:056DH         PUBLIC        ?C?CLDOPTR
  -------         ENDMOD        ?C?CLDOPTR

  -------         MODULE        ?C?IMUL
  C:059AH         PUBLIC        ?C?IMUL
  -------         ENDMOD        ?C?IMUL

  -------         MODULE        ?C?UIDIV
  C:05ACH         PUBLIC        ?C?UIDIV
  -------         ENDMOD        ?C?UIDIV

Program Size: data=60.0 xdata=0 code=1962
LINK/LOCATE RUN COMPLETE.  0 WARNING(S),  0 ERROR(S)
